   3    0            0          523          128         1059    0    0     4     1   71  111   0   0  99   0   0   0 2025-08-01 10:06:32
   1    0            0          523          128         1059    0    0     0     0 1815 3452   4   1  96   0   0   0 2025-08-01 10:06:33
   1    0            0          523          128         1059    0    0     0    16 2530 4711   4   3  93   0   0   0 2025-08-01 10:06:34
   1    0            0          523          128         1059    0    0     0     0 2061 3776   4   2  94   0   0   0 2025-08-01 10:06:35
   1    0            0          523          128         1059    0    0     0     0 2181 4079   4   3  94   0   0   0 2025-08-01 10:06:36
   2    0            0          523          128         1059    0    0     0    16 1906 3617   4   1  95   0   0   0 2025-08-01 10:06:37
   1    0            0          523          128         1059    0    0     0     0 2108 3965   2   2  95   0   0   0 2025-08-01 10:06:38
   1    0            0          523          128         1059    0    0     0     0 2670 4944   5   3  92   0   0   0 2025-08-01 10:06:39
   1    0            0          523          128         1059    0    0     0   176 2093 3917   4   3  94   0   0   0 2025-08-01 10:06:40
   1    0            0          523          128         1059    0    0     0     0 2359 4400   7   2  92   0   0   0 2025-08-01 10:06:41
   1    0            0          523          128         1059    0    0     0     0 2025 3795   2   1  98   0   0   0 2025-08-01 10:06:42
   1    0            0          523          128         1059    0    0     0     0 1820 3520   2   0  98   0   0   0 2025-08-01 10:06:43
   1    0            0          523          128         1059    0    0     0     0 2064 4008   2   1  97   0   0   0 2025-08-01 10:06:44
   1    0            0          523          128         1059    0    0     0   204 2170 4038   3   1  95   1   0   0 2025-08-01 10:06:45
   2    0            0          523          128         1059    0    0     0   164 2132 3834   3   2  96   0   0   0 2025-08-01 10:06:46
   1    0            0          523          128         1059    0    0     0     0 1963 3705   5   2  94   0   0   0 2025-08-01 10:06:47
   1    0            0          523          128         1059    0    0     0     0 2043 3800   3   2  96   0   0   0 2025-08-01 10:06:48
   1    0            0          523          128         1059    0    0     0     0 3404 6132   6   5  89   0   0   0 2025-08-01 10:06:49
   1    0            0          523          128         1059    0    0     0    32 1949 3607   2   2  96   0   0   0 2025-08-01 10:06:50
   1    0            0          523          128         1059    0    0     0     0 1876 3539   3   2  95   0   0   0 2025-08-01 10:06:51
   1    0            0          523          128         1059    0    0     0     0 2031 3804   3   2  95   0   0   0 2025-08-01 10:06:52
   2    0            0          523          128         1059    0    0     0     0 2140 4011   4   2  94   0   0   0 2025-08-01 10:06:53
   2    0            0          523          128         1059    0    0     0     0 2180 3907   3   2  95   0   0   0 2025-08-01 10:06:54
   2    0            0          523          128         1059    0    0     0   100 2222 4095   4   2  93   0   0   0 2025-08-01 10:06:55
   1    0            0          523          128         1059    0    0     0     0 2389 4300   7   3  90   0   0   0 2025-08-01 10:06:56
   2    0            0          523          128         1059    0    0     0     0 2217 4066   5   3  93   0   0   0 2025-08-01 10:06:57
   1    0            0          523          128         1059    0    0     0    20 2078 3621  15   2  84   0   0   0 2025-08-01 10:06:58
   3    0            0          523          128         1059    0    0     0     0 2359 4536   2   1  97   0   0   0 2025-08-01 10:06:59
   1    0            0          523          128         1059    0    0     0     0 2102 4034   1   2  97   0   0   0 2025-08-01 10:07:00
   1    0            0          523          128         1059    0    0     0   248 2167 3986   2   1  97   0   0   0 2025-08-01 10:07:01
